---
source: tests/parser/html_tests.rs
expression: "(html, toc, metadata)"
---
- "<h1 id=\"link-types\">Link Types</h1>\n<h2 id=\"url-links\">URL Links</h2>\n<p><a href=\"https://example.com\" target=\"_blank\">https://example.com</a> <a href=\"https://github.com/nvim-neorg\" target=\"_blank\">Neorg GitHub</a></p><h2 id=\"file-links\">File Links</h2><h2 id=\"heading-links\">Heading Links</h2>\n<p><a href=\"#token-text-main-token-whitespace-token-text-heading\">Token(Text(&quot;Main&quot;))Token(Whitespace)Token(Text(&quot;Heading&quot;))</a> <a href=\"#token-text-sub-token-whitespace-token-text-heading\">Token(Text(&quot;Sub&quot;))Token(Whitespace)Token(Text(&quot;Heading&quot;))</a> <a href=\"#token-text-introduction\">Custom link text</a></p><h2 id=\"mixed-content\">Mixed Content</h2>\n<p>This paragraph has a <a href=\"https://rust-lang.org\" target=\"_blank\">Rust website</a> and .</p>"
- - level: 1
    title: Link Types
    id: link-types
  - level: 2
    title: URL Links
    id: url-links
  - level: 2
    title: File Links
    id: file-links
  - level: 2
    title: Heading Links
    id: heading-links
  - level: 2
    title: Mixed Content
    id: mixed-content
- author: Drake Bott
  title: Link Test
