// Bun Snapshot v1, https://bun.sh/docs/test/snapshots

exports[`vite-plugin-norg HTML should generate correct output for basic norg file 1`] = `
"export const metadata = {"author":"Drake Bott","tags":["\\"test\\", \\"basic\\""],"title":"Basic Norg"};
export const html = "<h1 id=\\"main-title\\">Main Title</h1>\\n<p>Text with <i>bold</i>, <em>italic</em>, <code>code</code>, and <s>strikethrough</s>.</p><h2 id=\\"lists\\">Lists</h2>\\n<ul><li>Item 1</li><li>Item 2</li></ul><ol><li>Number 1</li><li>Number 2</li></ol><h2 id=\\"link\\">Link</h2>\\n<p><a href=\\"https://example.com\\" target=\\"_blank\\">link text</a></p>";
export const toc = [{"level":1,"title":"Main Title","id":"main-title"},{"level":2,"title":"Lists","id":"lists"},{"level":2,"title":"Link","id":"link"}];
export default { metadata, html, toc };"
`;

exports[`vite-plugin-norg HTML should generate correct output for code blocks 1`] = `
"export const metadata = {"title":"\\"Code Test\\""};
export const html = "<h1 id=\\"code-blocks\\">Code Blocks</h1>\\n<h2 id=\\"javascript\\">JavaScript</h2>\\n<pre class=\\"highlight lang-javascript\\"><code><a-k>function</a-k> <a-v>hello</a-v><a-p>()</a-p> <a-p>{</a-p> <a-k>return</a-k> <a-s>&quot;world&quot;</a-s><a-p>;</a-p> <a-p>}</a-p>\\n</code></pre><h2 id=\\"python\\">Python </h2>\\n<pre class=\\"highlight lang-python\\"><code><a-k>def</a-k> <a-v>add</a-v>(<a-v>a</a-v>, <a-v>b</a-v>): <a-k>return</a-k> <a-v>a</a-v> <a-o>+</a-o> <a-v>b</a-v>\\n</code></pre><h2 id=\\"plain\\">Plain</h2>\\n<pre><code>plain text\\n</code></pre>";
export const toc = [{"level":1,"title":"Code Blocks","id":"code-blocks"},{"level":2,"title":"JavaScript","id":"javascript"},{"level":2,"title":"Python ","id":"python"},{"level":2,"title":"Plain","id":"plain"}];
export default { metadata, html, toc };"
`;

exports[`vite-plugin-norg HTML should generate correct output for all heading levels 1`] = `
"export const metadata = {"title":"\\"Headings\\""};
export const html = "<h1 id=\\"h1\\">H1</h1>\\n<p>Content 1</p><h2 id=\\"h2\\">H2</h2>\\n<p>Content 2</p><h3 id=\\"h3\\">H3</h3>\\n<p>Content 3</p><h4 id=\\"h4\\">H4</h4>\\n<p>Content 4</p><h5 id=\\"h5\\">H5</h5>\\n<p>Content 5</p><h6 id=\\"h6\\">H6</h6>\\n<p>Content 6</p>";
export const toc = [{"level":1,"title":"H1","id":"h1"},{"level":2,"title":"H2","id":"h2"},{"level":3,"title":"H3","id":"h3"},{"level":4,"title":"H4","id":"h4"},{"level":5,"title":"H5","id":"h5"},{"level":6,"title":"H6","id":"h6"}];
export default { metadata, html, toc };"
`;

exports[`vite-plugin-norg HTML should generate correct output for image syntax 1`] = `
"export const metadata = {"authors":"Drake Bott","created":"2025-07-10T17:51:58-0600","title":"Images","updated":"2025-07-10T18:00:36-0600","version":"1.1.1"};
export const html = "<h1 id=\\"images\\">Images</h1>\\n<p>Image test</p><img src=\\"./relative/image.png\\" alt=\\"with alt text\\" />";
export const toc = [{"level":1,"title":"Images","id":"images"}];
export default { metadata, html, toc };"
`;
